[sync_slam_toolbox_node-4] [INFO] [1750676846.115068771] [slam_toolbox]: Message Filter dropping message: frame 'laser' at time 1750676845.911 for reason 'discarding message because the queue is full'
[component_container_isolated-1] [INFO] [1750676846.186954497] [behavior_server]: wait completed successfully
[sync_slam_toolbox_node-4] [INFO] [1750676846.213261349] [slam_toolbox]: Message Filter dropping message: frame 'laser' at time 1750676846.011 for reason 'discarding message because the queue is full'
[component_container_isolated-1] [INFO] [1750676846.214013957] [local_costmap.local_costmap]: Message Filter dropping message: frame 'laser' at time 1750676845.810 for reason 'the timestamp on the message is earlier than all the data in the transform cache'
[component_container_isolated-1] [INFO] [1750676846.214013915] [global_costmap.global_costmap]: Message Filter dropping message: frame 'laser' at time 1750676845.810 for reason 'the timestamp on the message is earlier than all the data in the transform cache'
[component_container_isolated-1] [WARN] [1750676846.216697084] [planner_server]: GridBased: failed to create plan with tolerance 0.50.
[component_container_isolated-1] [WARN] [1750676846.216738849] [planner_server]: Planning algorithm GridBased failed to generate a valid path to (-1.27, 1.37)
[component_container_isolated-1] [WARN] [1750676846.216759304] [planner_server]: [compute_path_to_pose] [ActionServer] Aborting handle.
[component_container_isolated-1] [INFO] [1750676846.236384973] [global_costmap.global_costmap]: Received request to clear entirely the global_costmap
[component_container_isolated-1] [INFO] [1750676846.314396150] [local_costmap.local_costmap]: Message Filter dropping message: frame 'laser' at time 1750676845.911 for reason 'the timestamp on the message is earlier than all the data in the transform cache'
[component_container_isolated-1] [INFO] [1750676846.314406364] [global_costmap.global_costmap]: Message Filter dropping message: frame 'laser' at time 1750676845.911 for reason 'the timestamp on the message is earlier than all the data in the transform cache'
[sync_slam_toolbox_node-4] [INFO] [1750676846.315847069] [slam_toolbox]: Message Filter dropping message: frame 'laser' at time 1750676846.112 for reason 'discarding message because the queue is full'
[sync_slam_toolbox_node-4] [INFO] [1750676846.411855380] [slam_toolbox]: Message Filter dropping message: frame 'laser' at time 1750676846.211 for reason 'discarding message because the queue is full'
[component_container_isolated-1] [INFO] [1750676846.415260765] [global_costmap.global_costmap]: Message Filter dropping message: frame 'laser' at time 1750676846.011 for reason 'the timestamp on the message is earlier than all the data in the transform cache'
[component_container_isolated-1] [INFO] [1750676846.415260956] [local_costmap.local_costmap]: Message Filter dropping message: frame 'laser' at time 1750676846.011 for reason 'the timestamp on the message is earlier than all the data in the transform cache'
[component_container_isolated-1] [INFO] [1750676846.514248846] [local_costmap.local_costmap]: Message Filter dropping message: frame 'laser' at time 1750676846.112 for reason 'the timestamp on the message is earlier than all the data in the transform cache'
[component_container_isolated-1] [INFO] [1750676846.514261826] [global_costmap.global_costmap]: Message Filter dropping message: frame 'laser' at time 1750676846.112 for reason 'the timestamp on the message is earlier than all the data in the transform cache'
[sync_slam_toolbox_node-4] [INFO] [1750676846.516445542] [slam_toolbox]: Message Filter dropping message: frame 'laser' at time 1750676846.313 for reason 'discarding message because the queue is full'
[sync_slam_toolbox_node-4] [INFO] [1750676846.612684106] [slam_toolbox]: Message Filter dropping message: frame 'laser' at time 1750676846.410 for reason 'discarding message because the queue is full'
[component_container_isolated-1] [INFO] [1750676846.617204546] [local_costmap.local_costmap]: Message Filter dropping message: frame 'laser' at time 1750676846.211 for reason 'the timestamp on the message is earlier than all the data in the transform cache'
[component_container_isolated-1] [INFO] [1750676846.617243965] [global_costmap.global_costmap]: Message Filter dropping message: frame 'laser' at time 1750676846.211 for reason 'the timestamp on the message is earlier than all the data in the transform cache'
[component_container_isolated-1] [INFO] [1750676846.713056654] [global_costmap.global_costmap]: Message Filter dropping message: frame 'laser' at time 1750676846.313 for reason 'the timestamp on the message is earlier than all the data in the transform cache'
[component_container_isolated-1] [INFO] [1750676846.713071061] [local_costmap.local_costmap]: Message Filter dropping message: frame 'laser' at time 1750676846.313 for reason 'the timestamp on the message is earlier than all the data in the transform cache'
[sync_slam_toolbox_node-4] [INFO] [1750676846.713802797] [slam_toolbox]: Message Filter dropping message: frame 'laser' at time 1750676846.512 for reason 'discarding message because the queue is full'
[sync_slam_toolbox_node-4] [INFO] [1750676846.814186439] [slam_toolbox]: Message Filter dropping message: frame 'laser' at time 1750676846.611 for reason 'discarding message because the queue is full'
[component_container_isolated-1] [INFO] [1750676846.816564461] [global_costmap.global_costmap]: Message Filter dropping message: frame 'laser' at time 1750676846.410 for reason 'the timestamp on the message is earlier than all the data in the transform cache'
[component_container_isolated-1] [INFO] [1750676846.816652160] [local_costmap.local_costmap]: Message Filter dropping message: frame 'laser' at time 1750676846.410 for reason 'the timestamp on the message is earlier than all the data in the transform cache'
[component_container_isolated-1] [INFO] [1750676846.913829190] [global_costmap.global_costmap]: Message Filter dropping message: frame 'laser' at time 1750676846.512 for reason 'the timestamp on the message is earlier than all the data in the transform cache'
[component_container_isolated-1] [INFO] [1750676846.913884397] [local_costmap.local_costmap]: Message Filter dropping message: frame 'laser' at time 1750676846.512 for reason 'the timestamp on the message is earlier than all the data in the transform cache'
[sync_slam_toolbox_node-4] [INFO] [1750676846.915388823] [slam_toolbox]: Message Filter dropping message: frame 'laser' at time 1750676846.712 for reason 'discarding message because the queue is full'
[sync_slam_toolbox_node-4] [INFO] [1750676847.013544717] [slam_toolbox]: Message Filter dropping message: frame 'laser' at time 1750676846.812 for reason 'discarding message because the queue is full'
[component_container_isolated-1] [INFO] [1750676847.015450100] [local_costmap.local_costmap]: Message Filter dropping message: frame 'laser' at time 1750676846.611 for reason 'the timestamp on the message is earlier than all the data in the transform cache'
[component_container_isolated-1] [INFO] [1750676847.015490467] [global_costmap.global_costmap]: Message Filter dropping message: frame 'laser' at time 1750676846.611 for reason 'the timestamp on the message is earlier than all the data in the transform cache'
[sync_slam_toolbox_node-4] [INFO] [1750676847.113780823] [slam_toolbox]: Message Filter dropping message: frame 'laser' at time 1750676846.914 for reason 'discarding message because the queue is full'
[component_container_isolated-1] [INFO] [1750676847.115201890] [global_costmap.global_costmap]: Message Filter dropping message: frame 'laser' at time 1750676846.712 for reason 'the timestamp on the message is earlier than all the data in the transform cache'
[component_container_isolated-1] [INFO] [1750676847.115341295] [local_costmap.local_costmap]: Message Filter dropping message: frame 'laser' at time 1750676846.712 for reason 'the timestamp on the message is earlier than all the data in the transform cache'
[component_container_isolated-1] [WARN] [1750676847.166941046] [planner_server]: GridBased: failed to create plan with tolerance 0.50.
[component_container_isolated-1] [WARN] [1750676847.166985991] [planner_server]: Planning algorithm GridBased failed to generate a valid path to (-1.27, 1.37)
[component_container_isolated-1] [WARN] [1750676847.167002416] [planner_server]: [compute_path_to_pose] [ActionServer] Aborting handle.
[component_container_isolated-1] [INFO] [1750676847.186553290] [behavior_server]: Running backup
[component_container_isolated-1] [WARN] [1750676847.186755784] [behavior_server]: Collision Ahead - Exiting DriveOnHeading
[component_container_isolated-1] [WARN] [1750676847.186782791] [behavior_server]: backup failed
[component_container_isolated-1] [WARN] [1750676847.186795999] [behavior_server]: [backup] [ActionServer] Aborting handle.
[sync_slam_toolbox_node-4] [INFO] [1750676847.212157503] [slam_toolbox]: Message Filter dropping message: frame 'laser' at time 1750676847.012 for reason 'discarding message because the queue is full'
[component_container_isolated-1] [INFO] [1750676847.216337206] [local_costmap.local_costmap]: Received request to clear entirely the local_costmap
[component_container_isolated-1] [INFO] [1750676847.216489284] [global_costmap.global_costmap]: Message Filter dropping message: frame 'laser' at time 1750676846.812 for reason 'the timestamp on the message is earlier than all the data in the transform cache'
[component_container_isolated-1] [INFO] [1750676847.216529862] [global_costmap.global_costmap]: Received request to clear entirely the global_costmap
[component_container_isolated-1] [INFO] [1750676847.216548392] [local_costmap.local_costmap]: Message Filter dropping message: frame 'laser' at time 1750676846.812 for reason 'the timestamp on the message is earlier than all the data in the transform cache'
[sync_slam_toolbox_node-4] [INFO] [1750676847.313646514] [slam_toolbox]: Message Filter dropping message: frame 'laser' at time 1750676847.112 for reason 'discarding message because the queue is full'
[component_container_isolated-1] [INFO] [1750676847.314870112] [local_costmap.local_costmap]: Message Filter dropping message: frame 'laser' at time 1750676846.914 for reason 'the timestamp on the message is earlier than all the data in the transform cache'
[component_container_isolated-1] [INFO] [1750676847.314876638] [global_costmap.global_costmap]: Message Filter dropping message: frame 'laser' at time 1750676846.914 for reason 'the timestamp on the message is earlier than all the data in the transform cache'
[sync_slam_toolbox_node-4] [INFO] [1750676847.412051653] [slam_toolbox]: Message Filter dropping message: frame 'laser' at time 1750676847.210 for reason 'discarding message because the queue is full'
[component_container_isolated-1] [INFO] [1750676847.414718038] [global_costmap.global_costmap]: Message Filter dropping message: frame 'laser' at time 1750676847.012 for reason 'the timestamp on the message is earlier than all the data in the transform cache'
[component_container_isolated-1] [INFO] [1750676847.414718044] [local_costmap.local_costmap]: Message Filter dropping message: frame 'laser' at time 1750676847.012 for reason 'the timestamp on the message is earlier than all the data in the transform cache'
[component_container_isolated-1] [INFO] [1750676847.512968279] [global_costmap.global_costmap]: Message Filter dropping message: frame 'laser' at time 1750676847.112 for reason 'the timestamp on the message is earlier than all the data in the transform cache'
[component_container_isolated-1] [INFO] [1750676847.512975431] [local_costmap.local_costmap]: Message Filter dropping message: frame 'laser' at time 1750676847.112 for reason 'the timestamp on the message is earlier than all the data in the transform cache'
[sync_slam_toolbox_node-4] [INFO] [1750676847.513667092] [slam_toolbox]: Message Filter dropping message: frame 'laser' at time 1750676847.311 for reason 'discarding message because the queue is full'
[component_container_isolated-1] [INFO] [1750676847.613854886] [global_costmap.global_costmap]: Message Filter dropping message: frame 'laser' at time 1750676847.210 for reason 'the timestamp on the message is earlier than all the data in the transform cache'
[component_container_isolated-1] [INFO] [1750676847.613878782] [local_costmap.local_costmap]: Message Filter dropping message: frame 'laser' at time 1750676847.210 for reason 'the timestamp on the message is earlier than all the data in the transform cache'
[sync_slam_toolbox_node-4] [INFO] [1750676847.617041636] [slam_toolbox]: Message Filter dropping message: frame 'laser' at time 1750676847.409 for reason 'discarding message because the queue is full'
[component_container_isolated-1] [INFO] [1750676847.712259713] [global_costmap.global_costmap]: Message Filter dropping message: frame 'laser' at time 1750676847.311 for reason 'the timestamp on the message is earlier than all the data in the transform cache'
[component_container_isolated-1] [INFO] [1750676847.712261070] [local_costmap.local_costmap]: Message Filter dropping message: frame 'laser' at time 1750676847.311 for reason 'the timestamp on the message is earlier than all the data in the transform cache'
[sync_slam_toolbox_node-4] [INFO] [1750676847.717401867] [slam_toolbox]: Message Filter dropping message: frame 'laser' at time 1750676847.509 for reason 'discarding message because the queue is full'
[component_container_isolated-1] [INFO] [1750676847.814081919] [global_costmap.global_costmap]: Message Filter dropping message: frame 'laser' at time 1750676847.409 for reason 'the timestamp on the message is earlier than all the data in the transform cache'
[component_container_isolated-1] [INFO] [1750676847.814082493] [local_costmap.local_costmap]: Message Filter dropping message: frame 'laser' at time 1750676847.409 for reason 'the timestamp on the message is earlier than all the data in the transform cache'
[sync_slam_toolbox_node-4] [INFO] [1750676847.819716728] [slam_toolbox]: Message Filter dropping message: frame 'laser' at time 1750676847.607 for reason 'discarding message because the queue is full'
[sync_slam_toolbox_node-4] [INFO] [1750676847.908306587] [slam_toolbox]: Message Filter dropping message: frame 'laser' at time 1750676847.708 for reason 'discarding message because the queue is full'
[component_container_isolated-1] [INFO] [1750676847.918479771] [local_costmap.local_costmap]: Message Filter dropping message: frame 'laser' at time 1750676847.509 for reason 'the timestamp on the message is earlier than all the data in the transform cache'
[component_container_isolated-1] [INFO] [1750676847.918659991] [global_costmap.global_costmap]: Message Filter dropping message: frame 'laser' at time 1750676847.509 for reason 'the timestamp on the message is earlier than all the data in the transform cache'
[sync_slam_toolbox_node-4] [INFO] [1750676848.011041514] [slam_toolbox]: Message Filter dropping message: frame 'laser' at time 1750676847.806 for reason 'discarding message because the queue is full'
[component_container_isolated-1] [INFO] [1750676848.017657035] [local_costmap.local_costmap]: Message Filter dropping message: frame 'laser' at time 1750676847.607 for reason 'the timestamp on the message is earlier than all the data in the transform cache'
[component_container_isolated-1] [INFO] [1750676848.017754897] [global_costmap.global_costmap]: Message Filter dropping message: frame 'laser' at time 1750676847.607 for reason 'the timestamp on the message is earlier than all the data in the transform cache'
[sync_slam_toolbox_node-4] [INFO] [1750676848.110317432] [slam_toolbox]: Message Filter dropping message: frame 'laser' at time 1750676847.907 for reason 'discarding message because the queue is full'
[component_container_isolated-1] [INFO] [1750676848.119829561] [global_costmap.global_costmap]: Message Filter dropping message: frame 'laser' at time 1750676847.708 for reason 'the timestamp on the message is earlier than all the data in the transform cache'
[component_container_isolated-1] [INFO] [1750676848.119878457] [local_costmap.local_costmap]: Message Filter dropping message: frame 'laser' at time 1750676847.708 for reason 'the timestamp on the message is earlier than all the data in the transform cache'
[component_container_isolated-1] [WARN] [1750676848.167013483] [planner_server]: GridBased: failed to create plan with tolerance 0.50.
[component_container_isolated-1] [WARN] [1750676848.167064507] [planner_server]: Planning algorithm GridBased failed to generate a valid path to (-1.27, 1.37)
[component_container_isolated-1] [WARN] [1750676848.167081595] [planner_server]: [compute_path_to_pose] [ActionServer] Aborting handle.
[component_container_isolated-1] [INFO] [1750676848.186565961] [global_costmap.global_costmap]: Received request to clear entirely the global_costmap
[sync_slam_toolbox_node-4] [INFO] [1750676848.212668189] [slam_toolbox]: Message Filter dropping message: frame 'laser' at time 1750676848.007 for reason 'discarding message because the queue is full'
[component_container_isolated-1] [INFO] [1750676848.223560406] [global_costmap.global_costmap]: Message Filter dropping message: frame 'laser' at time 1750676847.806 for reason 'the timestamp on the message is earlier than all the data in the transform cache'
[component_container_isolated-1] [INFO] [1750676848.223577456] [local_costmap.local_costmap]: Message Filter dropping message: frame 'laser' at time 1750676847.806 for reason 'the timestamp on the message is earlier than all the data in the transform cache'
[sync_slam_toolbox_node-4] [INFO] [1750676848.309489689] [slam_toolbox]: Message Filter dropping message: frame 'laser' at time 1750676848.107 for reason 'discarding message because the queue is full'
[component_container_isolated-1] [INFO] [1750676848.311958431] [global_costmap.global_costmap]: Message Filter dropping message: frame 'laser' at time 1750676847.907 for reason 'the timestamp on the message is earlier than all the data in the transform cache'
[component_container_isolated-1] [INFO] [1750676848.311993476] [local_costmap.local_costmap]: Message Filter dropping message: frame 'laser' at time 1750676847.907 for reason 'the timestamp on the message is earlier than all the data in the transform cache'
[component_container_isolated-1] [INFO] [1750676848.412031888] [global_costmap.global_costmap]: Message Filter dropping message: frame 'laser' at time 1750676848.007 for reason 'the timestamp on the message is earlier than all the data in the transform cache'
[component_container_isolated-1] [WARN] [1750676849.167450159] [planner_server]: GridBased: failed to create plan with tolerance 0.50.
[component_container_isolated-1] [WARN] [1750676849.167525150] [planner_server]: Planning algorithm GridBased failed to generate a valid path to (-1.27, 1.37)
[component_container_isolated-1] [WARN] [1750676849.167560150] [planner_server]: [compute_path_to_pose] [ActionServer] Aborting handle.
[component_container_isolated-1] [INFO] [1750676849.186617166] [behavior_server]: Running spin
[component_container_isolated-1] [INFO] [1750676849.186699757] [behavior_server]: Turning 1.57 for spin behavior.
[component_container_isolated-1] [INFO] [1750676850.086901679] [behavior_server]: spin completed successfully
[component_container_isolated-1] [WARN] [1750676850.116701598] [planner_server]: GridBased: failed to create plan with tolerance 0.50.
[component_container_isolated-1] [WARN] [1750676850.116753457] [planner_server]: Planning algorithm GridBased failed to generate a valid path to (-1.27, 1.37)
[component_container_isolated-1] [WARN] [1750676850.116770712] [planner_server]: [compute_path_to_pose] [ActionServer] Aborting handle.
[component_container_isolated-1] [INFO] [1750676850.136353346] [global_costmap.global_costmap]: Received request to clear entirely the global_costmap
[component_container_isolated-1] [WARN] [1750676850.167003541] [planner_server]: GridBased: failed to create plan with tolerance 0.50.
[component_container_isolated-1] [WARN] [1750676850.167089893] [planner_server]: Planning algorithm GridBased failed to generate a valid path to (-1.27, 1.37)
[component_container_isolated-1] [WARN] [1750676850.167113803] [planner_server]: [compute_path_to_pose] [ActionServer] Aborting handle.
[component_container_isolated-1] [INFO] [1750676850.186584837] [behavior_server]: Running wait
[component_container_isolated-1] [INFO] [1750676855.186779844] [behavior_server]: wait completed successfully
[component_container_isolated-1] [WARN] [1750676855.216833321] [planner_server]: GridBased: failed to create plan with tolerance 0.50.
[component_container_isolated-1] [WARN] [1750676855.216891164] [planner_server]: Planning algorithm GridBased failed to generate a valid path to (-1.27, 1.37)
[component_container_isolated-1] [WARN] [1750676855.216907927] [planner_server]: [compute_path_to_pose] [ActionServer] Aborting handle.
[component_container_isolated-1] [INFO] [1750676855.236481715] [global_costmap.global_costmap]: Received request to clear entirely the global_costmap
[component_container_isolated-1] [WARN] [1750676856.167192962] [planner_server]: GridBased: failed to create plan with tolerance 0.50.
[component_container_isolated-1] [WARN] [1750676856.167271205] [planner_server]: Planning algorithm GridBased failed to generate a valid path to (-1.27, 1.37)
[component_container_isolated-1] [WARN] [1750676856.167293605] [planner_server]: [compute_path_to_pose] [ActionServer] Aborting handle.
[component_container_isolated-1] [INFO] [1750676856.186549904] [behavior_server]: Running backup
[component_container_isolated-1] [WARN] [1750676856.186796936] [behavior_server]: Collision Ahead - Exiting DriveOnHeading
[component_container_isolated-1] [WARN] [1750676856.186825326] [behavior_server]: backup failed
[component_container_isolated-1] [WARN] [1750676856.186838162] [behavior_server]: [backup] [ActionServer] Aborting handle.
[component_container_isolated-1] [INFO] [1750676856.216502789] [local_costmap.local_costmap]: Received request to clear entirely the local_costmap
[component_container_isolated-1] [INFO] [1750676856.216712269] [global_costmap.global_costmap]: Received request to clear entirely the global_costmap
[component_container_isolated-1] [WARN] [1750676857.167284381] [planner_server]: GridBased: failed to create plan with tolerance 0.50.
[component_container_isolated-1] [WARN] [1750676857.167346613] [planner_server]: Planning algorithm GridBased failed to generate a valid path to (-1.27, 1.37)
[component_container_isolated-1] [WARN] [1750676857.167357042] [planner_server]: [compute_path_to_pose] [ActionServer] Aborting handle.
[component_container_isolated-1] [INFO] [1750676857.186530376] [global_costmap.global_costmap]: Received request to clear entirely the global_costmap
[component_container_isolated-1] [WARN] [1750676858.167138037] [planner_server]: GridBased: failed to create plan with tolerance 0.50.
[component_container_isolated-1] [WARN] [1750676858.167177922] [planner_server]: Planning algorithm GridBased failed to generate a valid path to (-1.27, 1.37)
[component_container_isolated-1] [WARN] [1750676858.167186131] [planner_server]: [compute_path_to_pose] [ActionServer] Aborting handle.
[component_container_isolated-1] [INFO] [1750676858.186621321] [behavior_server]: Running spin
[component_container_isolated-1] [INFO] [1750676858.186708603] [behavior_server]: Turning 1.57 for spin behavior.
[component_container_isolated-1] [INFO] [1750676859.086959355] [behavior_server]: spin completed successfully
[component_container_isolated-1] [WARN] [1750676859.116727727] [planner_server]: GridBased: failed to create plan with tolerance 0.50.
[component_container_isolated-1] [WARN] [1750676859.116774012] [planner_server]: Planning algorithm GridBased failed to generate a valid path to (-1.27, 1.37)
[component_container_isolated-1] [WARN] [1750676859.116788438] [planner_server]: [compute_path_to_pose] [ActionServer] Aborting handle.
[component_container_isolated-1] [INFO] [1750676859.136514765] [global_costmap.global_costmap]: Received request to clear entirely the global_costmap
[component_container_isolated-1] [WARN] [1750676859.167326643] [planner_server]: GridBased: failed to create plan with tolerance 0.50.
[component_container_isolated-1] [WARN] [1750676859.167397514] [planner_server]: Planning algorithm GridBased failed to generate a valid path to (-1.27, 1.37)
[component_container_isolated-1] [WARN] [1750676859.167424073] [planner_server]: [compute_path_to_pose] [ActionServer] Aborting handle.
[component_container_isolated-1] [WARN] [1750676859.196306623] [bt_navigator]: [navigate_to_pose] [ActionServer] Aborting handle.
[component_container_isolated-1] [ERROR] [1750676859.196507895] [bt_navigator]: Goal failed
[explore-5] [INFO] [1750676859.277028456] [nav2_waypoint_tester]: World points [(-1.272056672201678, 1.3723235522324078)]
[explore-5] [INFO] [1750676859.277403480] [nav2_waypoint_tester]: Sending goal request...
[component_container_isolated-1] [INFO] [1750676859.278033172] [bt_navigator]: Begin navigating from current location (3.96, -0.21) to (-1.27, 1.37)
[explore-5] [INFO] [1750676859.278452791] [nav2_waypoint_tester]: Goal accepted
[component_container_isolated-1] [WARN] [1750676859.278474393] [planner_server]: GridBased: failed to create plan with tolerance 0.50.
[component_container_isolated-1] [WARN] [1750676859.278514766] [planner_server]: Planning algorithm GridBased failed to generate a valid path to (-1.27, 1.37)
[component_container_isolated-1] [WARN] [1750676859.278532193] [planner_server]: [compute_path_to_pose] [ActionServer] Aborting handle.
[explore-5] [INFO] [1750676859.278748074] [nav2_waypoint_tester]: Waiting for 'NavigateToPose' action to complete
[component_container_isolated-1] [INFO] [1750676859.298318306] [global_costmap.global_costmap]: Received request to clear entirely the global_costmap
[component_container_isolated-1] [WARN] [1750676860.168944555] [planner_server]: GridBased: failed to create plan with tolerance 0.50.
[component_container_isolated-1] [WARN] [1750676860.169017278] [planner_server]: Planning algorithm GridBased failed to generate a valid path to (-1.27, 1.37)
[component_container_isolated-1] [WARN] [1750676860.169026951] [planner_server]: [compute_path_to_pose] [ActionServer] Aborting handle.
[component_container_isolated-1] [INFO] [1750676860.188488667] [behavior_server]: Running wait
[component_container_isolated-1] [INFO] [1750676860.372381162] [local_costmap.local_costmap]: Message Filter dropping message: frame 'laser' at time 1750676859.904 for reason 'the timestamp on the message is earlier than all the data in the transform cache'
[component_container_isolated-1] [INFO] [1750676860.372403085] [global_costmap.global_costmap]: Message Filter dropping message: frame 'laser' at time 1750676859.904 for reason 'the timestamp on the message is earlier than all the data in the transform cache'
[WARNING] [launch]: user interrupted with ctrl-c (SIGINT)
[sync_slam_toolbox_node-4] [INFO] [1750676861.855952341] [rclcpp]: signal_handler(signum=2)
[INFO] [sync_slam_toolbox_node-4]: process has finished cleanly [pid 37092]
[lifecycle_manager-3] [INFO] [1750676861.855952475] [rclcpp]: signal_handler(signum=2)
[lifecycle_manager-3] [INFO] [1750676861.856122103] [lifecycle_manager_slam]: Running Nav2 LifecycleManager rcl preshutdown (lifecycle_manager_slam)
[lifecycle_manager-3] [INFO] [1750676861.856190672] [lifecycle_manager_slam]: [34m[1mTerminating bond timer...[0m[0m
[map_saver_server-2] [INFO] [1750676861.855952075] [rclcpp]: signal_handler(signum=2)
[map_saver_server-2] [INFO] [1750676861.856107939] [map_saver]: Running Nav2 LifecycleNode rcl preshutdown (map_saver)
[map_saver_server-2] [INFO] [1750676861.856184636] [map_saver]: Deactivating
[component_container_isolated-1] [INFO] [1750676861.855958812] [rclcpp]: signal_handler(signum=2)
[component_container_isolated-1] [INFO] [1750676861.856019317] [lifecycle_manager_navigation]: Running Nav2 LifecycleManager rcl preshutdown (lifecycle_manager_navigation)
[component_container_isolated-1] [INFO] [1750676861.856061932] [lifecycle_manager_navigation]: [34m[1mTerminating bond timer...[0m[0m
[map_saver_server-2] [INFO] [1750676861.856210201] [map_saver]: Destroying bond (map_saver) to lifecycle manager.
[map_saver_server-2] [INFO] [1750676861.866489358] [map_saver]: Cleaning up
[map_saver_server-2] [INFO] [1750676861.866523648] [map_saver]: Destroying bond (map_saver) to lifecycle manager.
[map_saver_server-2] [INFO] [1750676861.868176249] [map_saver]: Destroying
[explore-5] Traceback (most recent call last):
[explore-5]   File "/home/neverdiedooms/explore_ws/install/nav2_wfd/lib/nav2_wfd/explore", line 33, in <module>
[explore-5]     sys.exit(load_entry_point('nav2-wfd==0.0.0', 'console_scripts', 'explore')())
[explore-5]   File "/home/neverdiedooms/explore_ws/install/nav2_wfd/lib/python3.10/site-packages/nav2_wfd/wavefront_frontier.py", line 522, in main
[explore-5]     test.moveToFrontiers()
[explore-5]   File "/home/neverdiedooms/explore_ws/install/nav2_wfd/lib/python3.10/site-packages/nav2_wfd/wavefront_frontier.py", line 343, in moveToFrontiers
[explore-5]     self.moveToFrontiers()
[explore-5]   File "/home/neverdiedooms/explore_ws/install/nav2_wfd/lib/python3.10/site-packages/nav2_wfd/wavefront_frontier.py", line 343, in moveToFrontiers
[explore-5]     self.moveToFrontiers()
[explore-5]   File "/home/neverdiedooms/explore_ws/install/nav2_wfd/lib/python3.10/site-packages/nav2_wfd/wavefront_frontier.py", line 343, in moveToFrontiers
[explore-5]     self.moveToFrontiers()
[explore-5]   File "/home/neverdiedooms/explore_ws/install/nav2_wfd/lib/python3.10/site-packages/nav2_wfd/wavefront_frontier.py", line 335, in moveToFrontiers
[explore-5]     rclpy.spin_until_future_complete(self, get_result_future)
[explore-5]   File "/opt/ros/humble/local/lib/python3.10/dist-packages/rclpy/__init__.py", line 253, in spin_until_future_complete
[explore-5]     executor.spin_until_future_complete(future, timeout_sec)
[explore-5]   File "/opt/ros/humble/local/lib/python3.10/dist-packages/rclpy/executors.py", line 308, in spin_until_future_complete
[explore-5]     self.spin_once_until_future_complete(future, timeout_sec)
[explore-5]   File "/opt/ros/humble/local/lib/python3.10/dist-packages/rclpy/executors.py", line 758, in spin_once_until_future_complete
[explore-5]     self._spin_once_impl(timeout_sec)
[explore-5]   File "/opt/ros/humble/local/lib/python3.10/dist-packages/rclpy/executors.py", line 740, in _spin_once_impl
[explore-5]     handler, entity, node = self.wait_for_ready_callbacks(timeout_sec=timeout_sec)
[explore-5]   File "/opt/ros/humble/local/lib/python3.10/dist-packages/rclpy/executors.py", line 723, in wait_for_ready_callbacks
[explore-5]     return next(self._cb_iter)
[explore-5]   File "/opt/ros/humble/local/lib/python3.10/dist-packages/rclpy/executors.py", line 620, in _wait_for_ready_callbacks
[explore-5]     wait_set.wait(timeout_nsec)
[explore-5] KeyboardInterrupt
[lifecycle_manager-3] [INFO] [1750676861.868451855] [lifecycle_manager_slam]: Destroying lifecycle_manager_slam
[component_container_isolated-1] [WARN] [1750676861.880874093] [BehaviorTreeEngine]: Behavior Tree tick rate 100.00 was exceeded!
[component_container_isolated-1] [WARN] [1750676861.926530001] [BehaviorTreeEngine]: Behavior Tree tick rate 100.00 was exceeded!
[ERROR] [explore-5]: process has died [pid 37094, exit code -2, cmd '/home/neverdiedooms/explore_ws/install/nav2_wfd/lib/nav2_wfd/explore --ros-args --params-file /home/neverdiedooms/ros2_ws/install/segurito_production/share/segurito_production/config/nav2_params.yaml'].
[INFO] [lifecycle_manager-3]: process has finished cleanly [pid 37090]
[INFO] [map_saver_server-2]: process has finished cleanly [pid 37088]
[component_container_isolated-1] [WARN] [1750676862.149784715] [BehaviorTreeEngine]: Behavior Tree tick rate 100.00 was exceeded!
[component_container_isolated-1] [INFO] [1750676862.452903997] [global_costmap.global_costmap]: Message Filter dropping message: frame 'laser' at time 1750676861.997 for reason 'the timestamp on the message is earlier than all the data in the transform cache'
[component_container_isolated-1] [INFO] [1750676862.508459980] [velocity_smoother]: Running Nav2 LifecycleNode rcl preshutdown (velocity_smoother)
[component_container_isolated-1] [INFO] [1750676862.508654323] [velocity_smoother]: Deactivating
[component_container_isolated-1] [INFO] [1750676862.508688025] [velocity_smoother]: Destroying bond (velocity_smoother) to lifecycle manager.
[component_container_isolated-1] [INFO] [1750676862.513684517] [global_costmap.global_costmap]: Message Filter dropping message: frame 'laser' at time 1750676862.098 for reason 'the timestamp on the message is earlier than all the data in the transform cache'
[component_container_isolated-1] [INFO] [1750676862.518854392] [velocity_smoother]: Cleaning up
[component_container_isolated-1] [INFO] [1750676862.518889572] [velocity_smoother]: Destroying bond (velocity_smoother) to lifecycle manager.
[component_container_isolated-1] [INFO] [1750676862.518896122] [bt_navigator]: Running Nav2 LifecycleNode rcl preshutdown (bt_navigator)
[component_container_isolated-1] [INFO] [1750676862.518905880] [bt_navigator]: Deactivating
[component_container_isolated-1] [WARN] [1750676862.518911405] [bt_navigator]: [navigate_to_pose] [ActionServer] Requested to deactivate server but goal is still executing. Should check if action server is running before deactivating.
[component_container_isolated-1] [ERROR] [1750676862.540350238] [bt_navigator_navigate_to_pose_rclcpp_node]: Failed to get result for wait in node halt!
[component_container_isolated-1] [WARN] [1750676862.540423693] [bt_navigator]: [navigate_to_pose] [ActionServer] Aborting handle.
[component_container_isolated-1] [INFO] [1750676862.540480455] [bt_navigator]: Goal canceled
[component_container_isolated-1] [WARN] [1750676862.540485938] [bt_navigator]: [navigate_to_pose] [ActionServer] Stopping the thread per request.
[component_container_isolated-1] [INFO] [1750676862.540582949] [bt_navigator]: Destroying bond (bt_navigator) to lifecycle manager.
[component_container_isolated-1] [INFO] [1750676862.550733007] [bt_navigator]: Cleaning up
[component_container_isolated-1] [INFO] [1750676862.588618637] [behavior_server]: Canceling wait
[component_container_isolated-1] [INFO] [1750676862.590229276] [behavior_server]: [wait] [ActionServer] Client requested to cancel the goal. Cancelling.
[component_container_isolated-1] [INFO] [1750676862.611366789] [global_costmap.global_costmap]: Message Filter dropping message: frame 'laser' at time 1750676862.196 for reason 'the timestamp on the message is earlier than all the data in the transform cache'
[component_container_isolated-1] [INFO] [1750676862.701800749] [global_costmap.global_costmap]: Message Filter dropping message: frame 'laser' at time 1750676862.296 for reason 'the timestamp on the message is earlier than all the data in the transform cache'
[component_container_isolated-1] [INFO] [1750676862.825810195] [global_costmap.global_costmap]: Message Filter dropping message: frame 'laser' at time 1750676862.394 for reason 'the timestamp on the message is earlier than all the data in the transform cache'
[component_container_isolated-1] [INFO] [1750676863.027069948] [global_costmap.global_costmap]: Message Filter dropping message: frame 'laser' at time 1750676862.495 for reason 'the timestamp on the message is earlier than all the data in the transform cache'
[component_container_isolated-1] [INFO] [1750676863.124633242] [global_costmap.global_costmap]: Message Filter dropping message: frame 'laser' at time 1750676862.697 for reason 'the timestamp on the message is earlier than all the data in the transform cache'
[component_container_isolated-1] [INFO] [1750676863.199780946] [global_costmap.global_costmap]: Message Filter dropping message: frame 'laser' at time 1750676862.796 for reason 'the timestamp on the message is earlier than all the data in the transform cache'
[component_container_isolated-1] [INFO] [1750676863.311183592] [global_costmap.global_costmap]: Message Filter dropping message: frame 'laser' at time 1750676862.897 for reason 'the timestamp on the message is earlier than all the data in the transform cache'
[component_container_isolated-1] [INFO] [1750676863.405156189] [global_costmap.global_costmap]: Message Filter dropping message: frame 'laser' at time 1750676862.998 for reason 'the timestamp on the message is earlier than all the data in the transform cache'
[component_container_isolated-1] [INFO] [1750676863.518688278] [global_costmap.global_costmap]: Message Filter dropping message: frame 'laser' at time 1750676863.099 for reason 'the timestamp on the message is earlier than all the data in the transform cache'
[component_container_isolated-1] [INFO] [1750676863.614820601] [global_costmap.global_costmap]: Message Filter dropping message: frame 'laser' at time 1750676863.199 for reason 'the timestamp on the message is earlier than all the data in the transform cache'
[component_container_isolated-1] [INFO] [1750676863.770219895] [global_costmap.global_costmap]: Message Filter dropping message: frame 'laser' at time 1750676863.299 for reason 'the timestamp on the message is earlier than all the data in the transform cache'
[component_container_isolated-1] [INFO] [1750676863.964493094] [global_costmap.global_costmap]: Message Filter dropping message: frame 'laser' at time 1750676863.400 for reason 'the timestamp on the message is earlier than all the data in the transform cache'
[component_container_isolated-1] [INFO] [1750676863.964555283] [global_costmap.global_costmap]: Message Filter dropping message: frame 'laser' at time 1750676863.501 for reason 'the timestamp on the message is earlier than all the data in the transform cache'
[component_container_isolated-1] [INFO] [1750676864.077102355] [global_costmap.global_costmap]: Message Filter dropping message: frame 'laser' at time 1750676863.599 for reason 'the timestamp on the message is earlier than all the data in the transform cache'
[component_container_isolated-1] [INFO] [1750676864.194178846] [bt_navigator]: Completed Cleaning up
[component_container_isolated-1] [INFO] [1750676864.194225450] [bt_navigator]: Destroying bond (bt_navigator) to lifecycle manager.
[component_container_isolated-1] [INFO] [1750676864.194233541] [waypoint_follower]: Running Nav2 LifecycleNode rcl preshutdown (waypoint_follower)
[component_container_isolated-1] [INFO] [1750676864.194250494] [waypoint_follower]: Deactivating
[component_container_isolated-1] [INFO] [1750676864.194260672] [waypoint_follower]: Destroying bond (waypoint_follower) to lifecycle manager.
[component_container_isolated-1] [INFO] [1750676864.204591709] [waypoint_follower]: Cleaning up
[component_container_isolated-1] [INFO] [1750676864.230441950] [waypoint_follower]: Destroying bond (waypoint_follower) to lifecycle manager.
[component_container_isolated-1] [INFO] [1750676864.230473951] [behavior_server]: Running Nav2 LifecycleNode rcl preshutdown (behavior_server)
[component_container_isolated-1] [INFO] [1750676864.230486336] [behavior_server]: Deactivating
[component_container_isolated-1] [INFO] [1750676864.230510738] [behavior_server]: Destroying bond (behavior_server) to lifecycle manager.
[component_container_isolated-1] [INFO] [1750676864.232616318] [global_costmap.global_costmap]: Message Filter dropping message: frame 'laser' at time 1750676863.699 for reason 'the timestamp on the message is earlier than all the data in the transform cache'
[component_container_isolated-1] [INFO] [1750676864.240635108] [behavior_server]: Cleaning up
[component_container_isolated-1] [INFO] [1750676864.243980666] [behavior_server]: Destroying bond (behavior_server) to lifecycle manager.
[component_container_isolated-1] [INFO] [1750676864.244021020] [planner_server]: Running Nav2 LifecycleNode rcl preshutdown (planner_server)
[component_container_isolated-1] [INFO] [1750676864.244041512] [planner_server]: Deactivating
[component_container_isolated-1] [INFO] [1750676864.244073837] [global_costmap.global_costmap]: Deactivating
[component_container_isolated-1] [INFO] [1750676865.160986378] [planner_server]: Deactivating plugin GridBased of type NavfnPlanner
[component_container_isolated-1] [INFO] [1750676865.161032678] [planner_server]: Destroying bond (planner_server) to lifecycle manager.
[component_container_isolated-1] [INFO] [1750676865.171261709] [planner_server]: Cleaning up
[component_container_isolated-1] [INFO] [1750676865.179591832] [global_costmap.global_costmap]: Cleaning up
[component_container_isolated-1] [INFO] [1750676865.182498901] [planner_server]: Cleaning up plugin GridBased of type NavfnPlanner
[component_container_isolated-1] [INFO] [1750676865.182623943] [planner_server]: Destroying plugin GridBased of type NavfnPlanner
[component_container_isolated-1] [INFO] [1750676865.188553771] [planner_server]: Destroying bond (planner_server) to lifecycle manager.
[component_container_isolated-1] [INFO] [1750676865.188581212] [smoother_server]: Running Nav2 LifecycleNode rcl preshutdown (smoother_server)
[component_container_isolated-1] [INFO] [1750676865.188597271] [smoother_server]: Deactivating
[component_container_isolated-1] [INFO] [1750676865.188613766] [smoother_server]: Destroying bond (smoother_server) to lifecycle manager.
[component_container_isolated-1] [INFO] [1750676865.198750452] [smoother_server]: Cleaning up
[component_container_isolated-1] [INFO] [1750676865.206714167] [smoother_server]: Destroying bond (smoother_server) to lifecycle manager.
[component_container_isolated-1] [INFO] [1750676865.206756791] [controller_server]: Running Nav2 LifecycleNode rcl preshutdown (controller_server)
[component_container_isolated-1] [INFO] [1750676865.206772798] [controller_server]: Deactivating
[component_container_isolated-1] [INFO] [1750676865.206804145] [local_costmap.local_costmap]: Deactivating
[component_container_isolated-1] [INFO] [1750676865.329624061] [controller_server]: Destroying bond (controller_server) to lifecycle manager.
[component_container_isolated-1] [INFO] [1750676865.339890879] [controller_server]: Cleaning up
[component_container_isolated-1] [INFO] [1750676865.340371882] [local_costmap.local_costmap]: Cleaning up
[component_container_isolated-1] [INFO] [1750676865.350876480] [controller_server]: Destroying bond (controller_server) to lifecycle manager.
[ERROR] [component_container_isolated-1]: process[component_container_isolated-1] failed to terminate '5' seconds after receiving 'SIGINT', escalating to 'SIGTERM'
[INFO] [component_container_isolated-1]: sending signal 'SIGTERM' to process[component_container_isolated-1]
[component_container_isolated-1] [INFO] [1750676866.997072019] [rclcpp]: signal_handler(signum=15)
[ERROR] [component_container_isolated-1]: process[component_container_isolated-1] failed to terminate '10.0' seconds after receiving 'SIGTERM', escalating to 'SIGKILL'
[INFO] [component_container_isolated-1]: sending signal 'SIGKILL' to process[component_container_isolated-1]
[ERROR] [component_container_isolated-1]: process has died [pid 37086, exit code -9, cmd '/opt/ros/humble/lib/rclcpp_components/component_container_isolated --ros-args --log-level info --ros-args -r __node:=nav2_container --params-file /tmp/launch_params_1hw8v0iq --params-file /tmp/launch_params_u9cbp2ax -r /tf:=tf -r /tf_static:=tf_static'].
